// Jest Snapshot v1, https://goo.gl/fbAQLP

exports[`NotFound test render 1`] = `
"
      <div id='notFoundContainer' class='pageContainer'>
        <h3>Erro 404</h3>
        <div>
          Não foi possível encontrar a página requisitada.
        </div>
      </div>
    "
`;
